// Jest Snapshot v1, https://goo.gl/fbAQLP

exports[`Snapshot of Quiz component 1`] = `
<div>
  <pre>
    {
  "created_at": "2022-04-13T10:30:41.000Z",
  "author": "kevincox",
  "story_title": "Eden",
  "story_url": "https://github.com/facebookexperimental/eden"
}
  </pre>
  <button
    className="MuiButton-root MuiButton-text MuiButton-textPrimary MuiButton-sizeMedium MuiButton-textSizeMedium MuiButtonBase-root  css-1e6y48t-MuiButtonBase-root-MuiButton-root"
    disabled={false}
    onBlur={[Function]}
    onClick={[Function]}
    onContextMenu={[Function]}
    onDragLeave={[Function]}
    onFocus={[Function]}
    onKeyDown={[Function]}
    onKeyUp={[Function]}
    onMouseDown={[Function]}
    onMouseLeave={[Function]}
    onMouseUp={[Function]}
    onTouchEnd={[Function]}
    onTouchMove={[Function]}
    onTouchStart={[Function]}
    tabIndex={0}
    type="button"
  >
    Go Back
  </button>
</div>
`;
